// Jest Snapshot v1, https://goo.gl/fbAQLP

exports[`setStyleProp sets props.style 1`] = `
Object {
  "style": Object {
    "WebkitUserSelect": "none",
    "backgroundColor": "#bada55",
    "backgroundImage": "linear-gradient(to bottom, rgba(255,255,0,0.5), rgba(0,0,255,0.5)),
        url('https://mdn.mozillademos.org/files/7693/catfront.png')",
    "color": "red",
    "lineHeight": "1",
  },
  "width": 100,
}
`;
